[2023-10-16T15:04:20.043+0000][gc] Using G1
[2023-10-16T15:04:20.057+0000][gc,init] Version: 17.0.8.1+1-LTS (release)
[2023-10-16T15:04:20.057+0000][gc,init] CPUs: 2 total, 2 available
[2023-10-16T15:04:20.057+0000][gc,init] Memory: 7929M
[2023-10-16T15:04:20.057+0000][gc,init] Large Page Support: Disabled
[2023-10-16T15:04:20.057+0000][gc,init] NUMA Support: Disabled
[2023-10-16T15:04:20.057+0000][gc,init] Compressed Oops: Enabled (32-bit)
[2023-10-16T15:04:20.057+0000][gc,init] Heap Region Size: 1M
[2023-10-16T15:04:20.057+0000][gc,init] Heap Min Capacity: 1G
[2023-10-16T15:04:20.057+0000][gc,init] Heap Initial Capacity: 1G
[2023-10-16T15:04:20.057+0000][gc,init] Heap Max Capacity: 1G
[2023-10-16T15:04:20.057+0000][gc,init] Pre-touch: Disabled
[2023-10-16T15:04:20.057+0000][gc,init] Parallel Workers: 2
[2023-10-16T15:04:20.057+0000][gc,init] Concurrent Workers: 1
[2023-10-16T15:04:20.057+0000][gc,init] Concurrent Refinement Workers: 2
[2023-10-16T15:04:20.057+0000][gc,init] Periodic GC: Disabled
[2023-10-16T15:04:20.063+0000][gc,metaspace] CDS archive(s) mapped at: [0x00007fc1a3000000-0x00007fc1a3beb000-0x00007fc1a3beb000), size 12496896, SharedBaseAddress: 0x00007fc1a3000000, ArchiveRelocationMode: 1.
[2023-10-16T15:04:20.063+0000][gc,metaspace] Compressed class space mapped at: 0x00007fc1a4000000-0x00007fc1e4000000, reserved size: 1073741824
[2023-10-16T15:04:20.063+0000][gc,metaspace] Narrow klass base: 0x00007fc1a3000000, Narrow klass shift: 0, Narrow klass range: 0x100000000
[2023-10-16T15:04:21.595+0000][gc,start    ] GC(0) Pause Young (Normal) (G1 Evacuation Pause)
[2023-10-16T15:04:21.595+0000][gc,task     ] GC(0) Using 2 workers of 2 for evacuation
[2023-10-16T15:04:21.611+0000][gc,phases   ] GC(0)   Pre Evacuate Collection Set: 0.1ms
[2023-10-16T15:04:21.611+0000][gc,phases   ] GC(0)   Merge Heap Roots: 0.1ms
[2023-10-16T15:04:21.611+0000][gc,phases   ] GC(0)   Evacuate Collection Set: 14.8ms
[2023-10-16T15:04:21.611+0000][gc,phases   ] GC(0)   Post Evacuate Collection Set: 0.7ms
[2023-10-16T15:04:21.611+0000][gc,phases   ] GC(0)   Other: 0.4ms
[2023-10-16T15:04:21.611+0000][gc,heap     ] GC(0) Eden regions: 51->0(44)
[2023-10-16T15:04:21.611+0000][gc,heap     ] GC(0) Survivor regions: 0->7(7)
[2023-10-16T15:04:21.611+0000][gc,heap     ] GC(0) Old regions: 0->1
[2023-10-16T15:04:21.611+0000][gc,heap     ] GC(0) Archive regions: 2->2
[2023-10-16T15:04:21.611+0000][gc,heap     ] GC(0) Humongous regions: 0->0
[2023-10-16T15:04:21.611+0000][gc,metaspace] GC(0) Metaspace: 18870K(19072K)->18870K(19072K) NonClass: 16365K(16512K)->16365K(16512K) Class: 2504K(2560K)->2504K(2560K)
[2023-10-16T15:04:21.611+0000][gc          ] GC(0) Pause Young (Normal) (G1 Evacuation Pause) 51M->8M(1024M) 16.789ms
[2023-10-16T15:04:21.612+0000][gc,cpu      ] GC(0) User=0.01s Sys=0.00s Real=0.02s
[2023-10-16T15:04:21.931+0000][gc,start    ] GC(1) Pause Young (Concurrent Start) (Metadata GC Threshold)
[2023-10-16T15:04:21.931+0000][gc,task     ] GC(1) Using 2 workers of 2 for evacuation
[2023-10-16T15:04:21.939+0000][gc,phases   ] GC(1)   Pre Evacuate Collection Set: 0.1ms
[2023-10-16T15:04:21.939+0000][gc,phases   ] GC(1)   Merge Heap Roots: 0.1ms
[2023-10-16T15:04:21.939+0000][gc,phases   ] GC(1)   Evacuate Collection Set: 7.0ms
[2023-10-16T15:04:21.939+0000][gc,phases   ] GC(1)   Post Evacuate Collection Set: 0.4ms
[2023-10-16T15:04:21.939+0000][gc,phases   ] GC(1)   Other: 0.3ms
[2023-10-16T15:04:21.939+0000][gc,heap     ] GC(1) Eden regions: 10->0(49)
[2023-10-16T15:04:21.939+0000][gc,heap     ] GC(1) Survivor regions: 7->2(7)
[2023-10-16T15:04:21.939+0000][gc,heap     ] GC(1) Old regions: 1->8
[2023-10-16T15:04:21.939+0000][gc,heap     ] GC(1) Archive regions: 2->2
[2023-10-16T15:04:21.939+0000][gc,heap     ] GC(1) Humongous regions: 129->129
[2023-10-16T15:04:21.939+0000][gc,metaspace] GC(1) Metaspace: 21302K(21504K)->21302K(21504K) NonClass: 18449K(18560K)->18449K(18560K) Class: 2852K(2944K)->2852K(2944K)
[2023-10-16T15:04:21.939+0000][gc          ] GC(1) Pause Young (Concurrent Start) (Metadata GC Threshold) 147M->139M(1024M) 7.966ms
[2023-10-16T15:04:21.939+0000][gc,cpu      ] GC(1) User=0.01s Sys=0.00s Real=0.01s
[2023-10-16T15:04:21.939+0000][gc          ] GC(2) Concurrent Mark Cycle
[2023-10-16T15:04:21.939+0000][gc,marking  ] GC(2) Concurrent Clear Claimed Marks
[2023-10-16T15:04:21.939+0000][gc,marking  ] GC(2) Concurrent Clear Claimed Marks 0.028ms
[2023-10-16T15:04:21.939+0000][gc,marking  ] GC(2) Concurrent Scan Root Regions
[2023-10-16T15:04:21.943+0000][gc,marking  ] GC(2) Concurrent Scan Root Regions 3.564ms
[2023-10-16T15:04:21.943+0000][gc,marking  ] GC(2) Concurrent Mark
[2023-10-16T15:04:21.943+0000][gc,marking  ] GC(2) Concurrent Mark From Roots
[2023-10-16T15:04:21.943+0000][gc,task     ] GC(2) Using 1 workers of 1 for marking
[2023-10-16T15:04:21.946+0000][gc,marking  ] GC(2) Concurrent Mark From Roots 3.339ms
[2023-10-16T15:04:21.946+0000][gc,marking  ] GC(2) Concurrent Preclean
[2023-10-16T15:04:21.946+0000][gc,marking  ] GC(2) Concurrent Preclean 0.057ms
[2023-10-16T15:04:21.947+0000][gc,start    ] GC(2) Pause Remark
[2023-10-16T15:04:21.949+0000][gc          ] GC(2) Pause Remark 139M->139M(1024M) 2.488ms
[2023-10-16T15:04:21.949+0000][gc,cpu      ] GC(2) User=0.00s Sys=0.00s Real=0.00s
[2023-10-16T15:04:21.949+0000][gc,marking  ] GC(2) Concurrent Mark 6.265ms
[2023-10-16T15:04:21.949+0000][gc,marking  ] GC(2) Concurrent Rebuild Remembered Sets
[2023-10-16T15:04:21.953+0000][gc,marking  ] GC(2) Concurrent Rebuild Remembered Sets 3.567ms
[2023-10-16T15:04:21.953+0000][gc,start    ] GC(2) Pause Cleanup
[2023-10-16T15:04:21.954+0000][gc          ] GC(2) Pause Cleanup 139M->139M(1024M) 0.079ms
[2023-10-16T15:04:21.954+0000][gc,cpu      ] GC(2) User=0.00s Sys=0.00s Real=0.00s
[2023-10-16T15:04:21.955+0000][gc,marking  ] GC(2) Concurrent Cleanup for Next Mark
[2023-10-16T15:04:21.969+0000][gc,marking  ] GC(2) Concurrent Cleanup for Next Mark 13.714ms
[2023-10-16T15:04:21.969+0000][gc          ] GC(2) Concurrent Mark Cycle 29.730ms
[2023-10-16T15:04:22.855+0000][gc,start    ] GC(3) Pause Young (Normal) (G1 Evacuation Pause)
[2023-10-16T15:04:22.855+0000][gc,task     ] GC(3) Using 2 workers of 2 for evacuation
[2023-10-16T15:04:22.871+0000][gc,phases   ] GC(3)   Pre Evacuate Collection Set: 0.1ms
[2023-10-16T15:04:22.871+0000][gc,phases   ] GC(3)   Merge Heap Roots: 0.1ms
[2023-10-16T15:04:22.871+0000][gc,phases   ] GC(3)   Evacuate Collection Set: 15.3ms
[2023-10-16T15:04:22.871+0000][gc,phases   ] GC(3)   Post Evacuate Collection Set: 0.6ms
[2023-10-16T15:04:22.871+0000][gc,phases   ] GC(3)   Other: 0.1ms
[2023-10-16T15:04:22.871+0000][gc,heap     ] GC(3) Eden regions: 49->0(45)
[2023-10-16T15:04:22.871+0000][gc,heap     ] GC(3) Survivor regions: 2->6(7)
[2023-10-16T15:04:22.871+0000][gc,heap     ] GC(3) Old regions: 8->8
[2023-10-16T15:04:22.871+0000][gc,heap     ] GC(3) Archive regions: 2->2
[2023-10-16T15:04:22.871+0000][gc,heap     ] GC(3) Humongous regions: 129->129
[2023-10-16T15:04:22.871+0000][gc,metaspace] GC(3) Metaspace: 32675K(32896K)->32675K(32896K) NonClass: 28681K(28800K)->28681K(28800K) Class: 3994K(4096K)->3994K(4096K)
[2023-10-16T15:04:22.871+0000][gc          ] GC(3) Pause Young (Normal) (G1 Evacuation Pause) 188M->143M(1024M) 16.369ms
[2023-10-16T15:04:22.871+0000][gc,cpu      ] GC(3) User=0.03s Sys=0.00s Real=0.02s
[2023-10-16T15:32:06.872+0000][gc,start    ] GC(4) Pause Young (Concurrent Start) (Metadata GC Threshold)
[2023-10-16T15:32:06.872+0000][gc,task     ] GC(4) Using 2 workers of 2 for evacuation
[2023-10-16T15:32:06.880+0000][gc,phases   ] GC(4)   Pre Evacuate Collection Set: 0.1ms
[2023-10-16T15:32:06.880+0000][gc,phases   ] GC(4)   Merge Heap Roots: 0.1ms
[2023-10-16T15:32:06.880+0000][gc,phases   ] GC(4)   Evacuate Collection Set: 7.5ms
[2023-10-16T15:32:06.880+0000][gc,phases   ] GC(4)   Post Evacuate Collection Set: 0.4ms
[2023-10-16T15:32:06.880+0000][gc,phases   ] GC(4)   Other: 0.1ms
[2023-10-16T15:32:06.881+0000][gc,heap     ] GC(4) Eden regions: 25->0(49)
[2023-10-16T15:32:06.881+0000][gc,heap     ] GC(4) Survivor regions: 6->2(7)
[2023-10-16T15:32:06.881+0000][gc,heap     ] GC(4) Old regions: 8->14
[2023-10-16T15:32:06.881+0000][gc,heap     ] GC(4) Archive regions: 2->2
[2023-10-16T15:32:06.881+0000][gc,heap     ] GC(4) Humongous regions: 129->129
[2023-10-16T15:32:06.881+0000][gc,metaspace] GC(4) Metaspace: 35792K(36096K)->35792K(36096K) NonClass: 31384K(31552K)->31384K(31552K) Class: 4407K(4544K)->4407K(4544K)
[2023-10-16T15:32:06.881+0000][gc          ] GC(4) Pause Young (Concurrent Start) (Metadata GC Threshold) 167M->144M(1024M) 8.354ms
[2023-10-16T15:32:06.881+0000][gc,cpu      ] GC(4) User=0.01s Sys=0.00s Real=0.01s
[2023-10-16T15:32:06.881+0000][gc          ] GC(5) Concurrent Mark Cycle
[2023-10-16T15:32:06.881+0000][gc,marking  ] GC(5) Concurrent Clear Claimed Marks
[2023-10-16T15:32:06.881+0000][gc,marking  ] GC(5) Concurrent Clear Claimed Marks 0.025ms
[2023-10-16T15:32:06.881+0000][gc,marking  ] GC(5) Concurrent Scan Root Regions
[2023-10-16T15:32:06.885+0000][gc,marking  ] GC(5) Concurrent Scan Root Regions 4.179ms
[2023-10-16T15:32:06.885+0000][gc,marking  ] GC(5) Concurrent Mark
[2023-10-16T15:32:06.885+0000][gc,marking  ] GC(5) Concurrent Mark From Roots
[2023-10-16T15:32:06.885+0000][gc,task     ] GC(5) Using 1 workers of 1 for marking
[2023-10-16T15:32:06.894+0000][gc,marking  ] GC(5) Concurrent Mark From Roots 9.204ms
[2023-10-16T15:32:06.894+0000][gc,marking  ] GC(5) Concurrent Preclean
[2023-10-16T15:32:06.894+0000][gc,marking  ] GC(5) Concurrent Preclean 0.200ms
[2023-10-16T15:32:06.895+0000][gc,start    ] GC(5) Pause Remark
[2023-10-16T15:32:06.901+0000][gc          ] GC(5) Pause Remark 144M->144M(1024M) 5.826ms
[2023-10-16T15:32:06.901+0000][gc,cpu      ] GC(5) User=0.01s Sys=0.00s Real=0.01s
[2023-10-16T15:32:06.905+0000][gc,marking  ] GC(5) Concurrent Mark 19.817ms
[2023-10-16T15:32:06.905+0000][gc,marking  ] GC(5) Concurrent Rebuild Remembered Sets
[2023-10-16T15:32:06.913+0000][gc,marking  ] GC(5) Concurrent Rebuild Remembered Sets 8.159ms
[2023-10-16T15:32:06.913+0000][gc,start    ] GC(5) Pause Cleanup
[2023-10-16T15:32:06.914+0000][gc          ] GC(5) Pause Cleanup 144M->144M(1024M) 0.178ms
[2023-10-16T15:32:06.914+0000][gc,cpu      ] GC(5) User=0.00s Sys=0.00s Real=0.00s
[2023-10-16T15:32:06.914+0000][gc,marking  ] GC(5) Concurrent Cleanup for Next Mark
[2023-10-16T15:32:06.922+0000][gc,marking  ] GC(5) Concurrent Cleanup for Next Mark 8.178ms
[2023-10-16T15:32:06.922+0000][gc          ] GC(5) Concurrent Mark Cycle 41.113ms
[2023-10-16T15:39:42.962+0000][gc,start    ] GC(6) Pause Young (Normal) (G1 Evacuation Pause)
[2023-10-16T15:39:42.962+0000][gc,task     ] GC(6) Using 2 workers of 2 for evacuation
[2023-10-16T15:39:42.977+0000][gc,phases   ] GC(6)   Pre Evacuate Collection Set: 0.2ms
[2023-10-16T15:39:42.978+0000][gc,phases   ] GC(6)   Merge Heap Roots: 0.1ms
[2023-10-16T15:39:42.978+0000][gc,phases   ] GC(6)   Evacuate Collection Set: 8.0ms
[2023-10-16T15:39:42.978+0000][gc,phases   ] GC(6)   Post Evacuate Collection Set: 7.1ms
[2023-10-16T15:39:42.978+0000][gc,phases   ] GC(6)   Other: 0.4ms
[2023-10-16T15:39:42.978+0000][gc,heap     ] GC(6) Eden regions: 49->0(46)
[2023-10-16T15:39:42.978+0000][gc,heap     ] GC(6) Survivor regions: 2->5(7)
[2023-10-16T15:39:42.978+0000][gc,heap     ] GC(6) Old regions: 14->14
[2023-10-16T15:39:42.978+0000][gc,heap     ] GC(6) Archive regions: 2->2
[2023-10-16T15:39:42.978+0000][gc,heap     ] GC(6) Humongous regions: 129->129
[2023-10-16T15:39:42.978+0000][gc,metaspace] GC(6) Metaspace: 41286K(41856K)->41286K(41856K) NonClass: 36031K(36352K)->36031K(36352K) Class: 5254K(5504K)->5254K(5504K)
[2023-10-16T15:39:42.978+0000][gc          ] GC(6) Pause Young (Normal) (G1 Evacuation Pause) 193M->147M(1024M) 16.588ms
[2023-10-16T15:39:42.978+0000][gc,cpu      ] GC(6) User=0.01s Sys=0.00s Real=0.02s
[2023-10-16T15:53:16.272+0000][gc,start    ] GC(7) Pause Young (Normal) (G1 Evacuation Pause)
[2023-10-16T15:53:16.273+0000][gc,task     ] GC(7) Using 2 workers of 2 for evacuation
[2023-10-16T15:53:16.288+0000][gc,phases   ] GC(7)   Pre Evacuate Collection Set: 0.2ms
[2023-10-16T15:53:16.288+0000][gc,phases   ] GC(7)   Merge Heap Roots: 0.1ms
[2023-10-16T15:53:16.288+0000][gc,phases   ] GC(7)   Evacuate Collection Set: 14.4ms
[2023-10-16T15:53:16.288+0000][gc,phases   ] GC(7)   Post Evacuate Collection Set: 0.6ms
[2023-10-16T15:53:16.288+0000][gc,phases   ] GC(7)   Other: 1.0ms
[2023-10-16T15:53:16.288+0000][gc,heap     ] GC(7) Eden regions: 46->0(49)
[2023-10-16T15:53:16.288+0000][gc,heap     ] GC(7) Survivor regions: 5->2(7)
[2023-10-16T15:53:16.289+0000][gc,heap     ] GC(7) Old regions: 14->18
[2023-10-16T15:53:16.289+0000][gc,heap     ] GC(7) Archive regions: 2->2
[2023-10-16T15:53:16.289+0000][gc,heap     ] GC(7) Humongous regions: 129->129
[2023-10-16T15:53:16.289+0000][gc,metaspace] GC(7) Metaspace: 41936K(42432K)->41936K(42432K) NonClass: 36661K(36928K)->36661K(36928K) Class: 5275K(5504K)->5275K(5504K)
[2023-10-16T15:53:16.289+0000][gc          ] GC(7) Pause Young (Normal) (G1 Evacuation Pause) 193M->148M(1024M) 17.039ms
[2023-10-16T15:53:16.289+0000][gc,cpu      ] GC(7) User=0.02s Sys=0.00s Real=0.02s
[2023-10-16T15:57:12.884+0000][gc,heap,exit] Heap
[2023-10-16T15:57:12.884+0000][gc,heap,exit]  garbage-first heap   total 1048576K, used 176861K [0x00000000c0000000, 0x0000000100000000)
[2023-10-16T15:57:12.884+0000][gc,heap,exit]   region size 1024K, 26 young (26624K), 2 survivors (2048K)
[2023-10-16T15:57:12.884+0000][gc,heap,exit]  Metaspace       used 42613K, committed 43136K, reserved 1114112K
[2023-10-16T15:57:12.884+0000][gc,heap,exit]   class space    used 5433K, committed 5632K, reserved 1048576K
