[2023-10-16T15:03:37.483+0000][gc] Using G1
[2023-10-16T15:03:37.492+0000][gc,init] Version: 17.0.8.1+1-LTS (release)
[2023-10-16T15:03:37.492+0000][gc,init] CPUs: 2 total, 2 available
[2023-10-16T15:03:37.492+0000][gc,init] Memory: 7929M
[2023-10-16T15:03:37.492+0000][gc,init] Large Page Support: Disabled
[2023-10-16T15:03:37.492+0000][gc,init] NUMA Support: Disabled
[2023-10-16T15:03:37.492+0000][gc,init] Compressed Oops: Enabled (32-bit)
[2023-10-16T15:03:37.492+0000][gc,init] Heap Region Size: 1M
[2023-10-16T15:03:37.492+0000][gc,init] Heap Min Capacity: 512M
[2023-10-16T15:03:37.492+0000][gc,init] Heap Initial Capacity: 512M
[2023-10-16T15:03:37.492+0000][gc,init] Heap Max Capacity: 512M
[2023-10-16T15:03:37.492+0000][gc,init] Pre-touch: Disabled
[2023-10-16T15:03:37.492+0000][gc,init] Parallel Workers: 2
[2023-10-16T15:03:37.492+0000][gc,init] Concurrent Workers: 1
[2023-10-16T15:03:37.492+0000][gc,init] Concurrent Refinement Workers: 2
[2023-10-16T15:03:37.492+0000][gc,init] Periodic GC: Disabled
[2023-10-16T15:03:37.498+0000][gc,metaspace] CDS archive(s) mapped at: [0x00007f578f000000-0x00007f578fbeb000-0x00007f578fbeb000), size 12496896, SharedBaseAddress: 0x00007f578f000000, ArchiveRelocationMode: 1.
[2023-10-16T15:03:37.498+0000][gc,metaspace] Compressed class space mapped at: 0x00007f5790000000-0x00007f57d0000000, reserved size: 1073741824
[2023-10-16T15:03:37.498+0000][gc,metaspace] Narrow klass base: 0x00007f578f000000, Narrow klass shift: 0, Narrow klass range: 0x100000000
[2023-10-16T15:04:22.726+0000][gc,start    ] GC(0) Pause Young (Normal) (G1 Evacuation Pause)
[2023-10-16T15:04:22.733+0000][gc,task     ] GC(0) Using 2 workers of 2 for evacuation
[2023-10-16T15:04:22.753+0000][gc,phases   ] GC(0)   Pre Evacuate Collection Set: 0.2ms
[2023-10-16T15:04:22.753+0000][gc,phases   ] GC(0)   Merge Heap Roots: 0.0ms
[2023-10-16T15:04:22.753+0000][gc,phases   ] GC(0)   Evacuate Collection Set: 19.2ms
[2023-10-16T15:04:22.753+0000][gc,phases   ] GC(0)   Post Evacuate Collection Set: 0.5ms
[2023-10-16T15:04:22.753+0000][gc,phases   ] GC(0)   Other: 6.7ms
[2023-10-16T15:04:22.753+0000][gc,heap     ] GC(0) Eden regions: 25->0(21)
[2023-10-16T15:04:22.753+0000][gc,heap     ] GC(0) Survivor regions: 0->4(4)
[2023-10-16T15:04:22.753+0000][gc,heap     ] GC(0) Old regions: 0->4
[2023-10-16T15:04:22.753+0000][gc,heap     ] GC(0) Archive regions: 2->2
[2023-10-16T15:04:22.753+0000][gc,heap     ] GC(0) Humongous regions: 0->0
[2023-10-16T15:04:22.753+0000][gc,metaspace] GC(0) Metaspace: 8276K(8448K)->8276K(8448K) NonClass: 7348K(7424K)->7348K(7424K) Class: 928K(1024K)->928K(1024K)
[2023-10-16T15:04:22.753+0000][gc          ] GC(0) Pause Young (Normal) (G1 Evacuation Pause) 25M->8M(512M) 27.274ms
[2023-10-16T15:04:22.753+0000][gc,cpu      ] GC(0) User=0.01s Sys=0.00s Real=0.02s
[2023-10-16T15:56:33.450+0000][gc,heap,exit] Heap
[2023-10-16T15:56:33.451+0000][gc,heap,exit]  garbage-first heap   total 524288K, used 17889K [0x00000000e0000000, 0x0000000100000000)
[2023-10-16T15:56:33.451+0000][gc,heap,exit]   region size 1024K, 13 young (13312K), 4 survivors (4096K)
[2023-10-16T15:56:33.451+0000][gc,heap,exit]  Metaspace       used 8933K, committed 9088K, reserved 1114112K
[2023-10-16T15:56:33.451+0000][gc,heap,exit]   class space    used 944K, committed 1024K, reserved 1048576K
